// Jest Snapshot v1, https://goo.gl/fbAQLP

exports[`Splash Screen splashscreen should match with the snapshot 1`] = `
<View
  style={
    Object {
      "alignItems": "center",
      "backgroundColor": "#17c0d3",
      "flex": 1,
      "justifyContent": "center",
    }
  }
/>
`;
